Archive member included to satisfy reference by file (symbol)

/usr/lib/gcc/arm-none-eabi/13.2.0/../../../../arm-none-eabi/lib/thumb/v7-m/nofp/libc_nano.a(libc_a-atexit.o)
                              /usr/lib/gcc/arm-none-eabi/13.2.0/../../../../arm-none-eabi/lib/thumb/v7-m/nofp/crt0.o (atexit)
/usr/lib/gcc/arm-none-eabi/13.2.0/../../../../arm-none-eabi/lib/thumb/v7-m/nofp/libc_nano.a(libc_a-exit.o)
                              /usr/lib/gcc/arm-none-eabi/13.2.0/../../../../arm-none-eabi/lib/thumb/v7-m/nofp/crt0.o (exit)
/usr/lib/gcc/arm-none-eabi/13.2.0/../../../../arm-none-eabi/lib/thumb/v7-m/nofp/libc_nano.a(libc_a-findfp.o)
                              /usr/lib/gcc/arm-none-eabi/13.2.0/../../../../arm-none-eabi/lib/thumb/v7-m/nofp/libc_nano.a(libc_a-exit.o) (__stdio_exit_handler)
/usr/lib/gcc/arm-none-eabi/13.2.0/../../../../arm-none-eabi/lib/thumb/v7-m/nofp/libc_nano.a(libc_a-fwalk.o)
                              /usr/lib/gcc/arm-none-eabi/13.2.0/../../../../arm-none-eabi/lib/thumb/v7-m/nofp/libc_nano.a(libc_a-findfp.o) (_fwalk_sglue)
/usr/lib/gcc/arm-none-eabi/13.2.0/../../../../arm-none-eabi/lib/thumb/v7-m/nofp/libc_nano.a(libc_a-stdio.o)
                              /usr/lib/gcc/arm-none-eabi/13.2.0/../../../../arm-none-eabi/lib/thumb/v7-m/nofp/libc_nano.a(libc_a-findfp.o) (__sread)
/usr/lib/gcc/arm-none-eabi/13.2.0/../../../../arm-none-eabi/lib/thumb/v7-m/nofp/libc_nano.a(libc_a-memset.o)
                              /usr/lib/gcc/arm-none-eabi/13.2.0/../../../../arm-none-eabi/lib/thumb/v7-m/nofp/crt0.o (memset)
/usr/lib/gcc/arm-none-eabi/13.2.0/../../../../arm-none-eabi/lib/thumb/v7-m/nofp/libc_nano.a(libc_a-closer.o)
                              /usr/lib/gcc/arm-none-eabi/13.2.0/../../../../arm-none-eabi/lib/thumb/v7-m/nofp/libc_nano.a(libc_a-stdio.o) (_close_r)
/usr/lib/gcc/arm-none-eabi/13.2.0/../../../../arm-none-eabi/lib/thumb/v7-m/nofp/libc_nano.a(libc_a-reent.o)
                              /usr/lib/gcc/arm-none-eabi/13.2.0/../../../../arm-none-eabi/lib/thumb/v7-m/nofp/libc_nano.a(libc_a-closer.o) (errno)
/usr/lib/gcc/arm-none-eabi/13.2.0/../../../../arm-none-eabi/lib/thumb/v7-m/nofp/libc_nano.a(libc_a-impure.o)
                              /usr/lib/gcc/arm-none-eabi/13.2.0/../../../../arm-none-eabi/lib/thumb/v7-m/nofp/libc_nano.a(libc_a-reent.o) (_impure_ptr)
/usr/lib/gcc/arm-none-eabi/13.2.0/../../../../arm-none-eabi/lib/thumb/v7-m/nofp/libc_nano.a(libc_a-lseekr.o)
                              /usr/lib/gcc/arm-none-eabi/13.2.0/../../../../arm-none-eabi/lib/thumb/v7-m/nofp/libc_nano.a(libc_a-stdio.o) (_lseek_r)
/usr/lib/gcc/arm-none-eabi/13.2.0/../../../../arm-none-eabi/lib/thumb/v7-m/nofp/libc_nano.a(libc_a-readr.o)
                              /usr/lib/gcc/arm-none-eabi/13.2.0/../../../../arm-none-eabi/lib/thumb/v7-m/nofp/libc_nano.a(libc_a-stdio.o) (_read_r)
/usr/lib/gcc/arm-none-eabi/13.2.0/../../../../arm-none-eabi/lib/thumb/v7-m/nofp/libc_nano.a(libc_a-writer.o)
                              /usr/lib/gcc/arm-none-eabi/13.2.0/../../../../arm-none-eabi/lib/thumb/v7-m/nofp/libc_nano.a(libc_a-stdio.o) (_write_r)
/usr/lib/gcc/arm-none-eabi/13.2.0/../../../../arm-none-eabi/lib/thumb/v7-m/nofp/libc_nano.a(libc_a-errno.o)
                              ./Core/Src/syscalls.o (__errno)
/usr/lib/gcc/arm-none-eabi/13.2.0/../../../../arm-none-eabi/lib/thumb/v7-m/nofp/libc_nano.a(libc_a-init.o)
                              /usr/lib/gcc/arm-none-eabi/13.2.0/../../../../arm-none-eabi/lib/thumb/v7-m/nofp/crt0.o (__libc_init_array)
/usr/lib/gcc/arm-none-eabi/13.2.0/../../../../arm-none-eabi/lib/thumb/v7-m/nofp/libc_nano.a(libc_a-fini.o)
                              /usr/lib/gcc/arm-none-eabi/13.2.0/../../../../arm-none-eabi/lib/thumb/v7-m/nofp/crt0.o (__libc_fini_array)
/usr/lib/gcc/arm-none-eabi/13.2.0/../../../../arm-none-eabi/lib/thumb/v7-m/nofp/libc_nano.a(libc_a-lock.o)
                              /usr/lib/gcc/arm-none-eabi/13.2.0/../../../../arm-none-eabi/lib/thumb/v7-m/nofp/libc_nano.a(libc_a-findfp.o) (__retarget_lock_init_recursive)
/usr/lib/gcc/arm-none-eabi/13.2.0/../../../../arm-none-eabi/lib/thumb/v7-m/nofp/libc_nano.a(libc_a-memcpy-stub.o)
                              ./Core/Src/oled.o (memcpy)
/usr/lib/gcc/arm-none-eabi/13.2.0/../../../../arm-none-eabi/lib/thumb/v7-m/nofp/libc_nano.a(libc_a-__atexit.o)
                              /usr/lib/gcc/arm-none-eabi/13.2.0/../../../../arm-none-eabi/lib/thumb/v7-m/nofp/libc_nano.a(libc_a-atexit.o) (__register_exitproc)
/usr/lib/gcc/arm-none-eabi/13.2.0/../../../../arm-none-eabi/lib/thumb/v7-m/nofp/libc_nano.a(libc_a-__call_atexit.o)
                              /usr/lib/gcc/arm-none-eabi/13.2.0/../../../../arm-none-eabi/lib/thumb/v7-m/nofp/libc_nano.a(libc_a-__atexit.o) (__call_exitprocs)
/usr/lib/gcc/arm-none-eabi/13.2.0/../../../../arm-none-eabi/lib/thumb/v7-m/nofp/libc_nano.a(libc_a-freer.o)
[...]
Memory Configuration

Name             Origin             Length             Attributes
RAM              0x20000000         0x00005000         xrw
FLASH            0x08000000         0x00010000         xr
*default*        0x00000000         0xffffffff

Linker script and memory map

LOAD /usr/lib/gcc/arm-none-eabi/13.2.0/thumb/v7-m/nofp/crti.o
LOAD /usr/lib/gcc/arm-none-eabi/13.2.0/thumb/v7-m/nofp/crtbegin.o
LOAD /usr/lib/gcc/arm-none-eabi/13.2.0/../../../../arm-none-eabi/lib/thumb/v7-m/nofp/crt0.o
LOAD ./Core/Src/arial.o
LOAD ./Core/Src/main.o
LOAD ./Core/Src/oled.o
LOAD ./Core/Src/stm32f1xx_hal_msp.o
LOAD ./Core/Src/stm32f1xx_it.o
LOAD ./Core/Src/syscalls.o
LOAD ./Core/Src/sysmem.o
LOAD ./Core/Src/system_stm32f1xx.o
LOAD ./Core/Startup/startup_stm32f103c8tx.o
LOAD ./Drivers/STM32F1xx_HAL_Driver/Src/stm32f1xx_hal.o
LOAD ./Drivers/STM32F1xx_HAL_Driver/Src/stm32f1xx_hal_cortex.o
LOAD ./Drivers/STM32F1xx_HAL_Driver/Src/stm32f1xx_hal_dma.o
LOAD ./Drivers/STM32F1xx_HAL_Driver/Src/stm32f1xx_hal_exti.o
LOAD ./Drivers/STM32F1xx_HAL_Driver/Src/stm32f1xx_hal_flash.o
LOAD ./Drivers/STM32F1xx_HAL_Driver/Src/stm32f1xx_hal_flash_ex.o
LOAD ./Drivers/STM32F1xx_HAL_Driver/Src/stm32f1xx_hal_gpio.o
LOAD ./Drivers/STM32F1xx_HAL_Driver/Src/stm32f1xx_hal_gpio_ex.o
LOAD ./Drivers/STM32F1xx_HAL_Driver/Src/stm32f1xx_hal_i2c.o
LOAD ./Drivers/STM32F1xx_HAL_Driver/Src/stm32f1xx_hal_pwr.o
LOAD ./Drivers/STM32F1xx_HAL_Driver/Src/stm32f1xx_hal_rcc.o
LOAD ./Drivers/STM32F1xx_HAL_Driver/Src/stm32f1xx_hal_rcc_ex.o
LOAD ./Drivers/STM32F1xx_HAL_Driver/Src/stm32f1xx_hal_tim.o
LOAD ./Drivers/STM32F1xx_HAL_Driver/Src/stm32f1xx_hal_tim_ex.o
START GROUP
LOAD /usr/lib/gcc/arm-none-eabi/13.2.0/../../../../arm-none-eabi/lib/thumb/v7-m/nofp/libc_nano.a
LOAD /usr/lib/gcc/arm-none-eabi/13.2.0/../../../../arm-none-eabi/lib/thumb/v7-m/nofp/libm.a
END GROUP
START GROUP
LOAD /usr/lib/gcc/arm-none-eabi/13.2.0/thumb/v7-m/nofp/libgcc.a
LOAD /usr/lib/gcc/arm-none-eabi/13.2.0/../../../../arm-none-eabi/lib/thumb/v7-m/nofp/libc_nano.a
END GROUP
START GROUP
LOAD /usr/lib/gcc/arm-none-eabi/13.2.0/thumb/v7-m/nofp/libgcc.a
LOAD /usr/lib/gcc/arm-none-eabi/13.2.0/../../../../arm-none-eabi/lib/thumb/v7-m/nofp/libc_nano.a
LOAD /usr/lib/gcc/arm-none-eabi/13.2.0/../../../../arm-none-eabi/lib/thumb/v7-m/nofp/libnosys.a
END GROUP
START GROUP
LOAD /usr/lib/gcc/arm-none-eabi/13.2.0/thumb/v7-m/nofp/libgcc.a
LOAD /usr/lib/gcc/arm-none-eabi/13.2.0/../../../../arm-none-eabi/lib/thumb/v7-m/nofp/libc_nano.a
LOAD /usr/lib/gcc/arm-none-eabi/13.2.0/../../../../arm-none-eabi/lib/thumb/v7-m/nofp/libnosys.a
END GROUP
LOAD /usr/lib/gcc/arm-none-eabi/13.2.0/thumb/v7-m/nofp/crtend.o
LOAD /usr/lib/gcc/arm-none-eabi/13.2.0/thumb/v7-m/nofp/crtn.o
                0x20005000                        _estack = (ORIGIN (RAM) + LENGTH (RAM))
                0x00000200                        _Min_Heap_Size = 0x200
                0x00000400                        _Min_Stack_Size = 0x400

.isr_vector     0x08000000      0x10c
                0x08000000                        . = ALIGN (0x4)
 *(.isr_vector)
 .isr_vector    0x08000000      0x10c ./Core/Startup/startup_stm32f103c8tx.o
                0x08000000                g_pfnVectors
                0x0800010c                        . = ALIGN (0x4)

.text           0x0800010c     0x2084
                0x0800010c                        . = ALIGN (0x4)
 *(.text)
 *(.text*)
 .text.__do_global_dtors_aux
                0x0800010c       0x24 /usr/lib/gcc/arm-none-eabi/13.2.0/thumb/v7-m/nofp/crtbegin.o
 .text.frame_dummy
                0x08000130       0x1c /usr/lib/gcc/arm-none-eabi/13.2.0/thumb/v7-m/nofp/crtbegin.o
 .text.main     0x0800014c      0x11c ./Core/Src/main.o
                0x0800014c                main
 .text.SystemClock_Config
                0x08000268       0x8a ./Core/Src/main.o
                0x08000268                SystemClock_Config
 *fill*         0x080002f2        0x2 
 .text.MX_I2C1_Init
                0x080002f4       0x5c ./Core/Src/main.o
 .text.MX_GPIO_Init
                0x08000350       0xb0 ./Core/Src/main.o
 .text.Error_Handler
                0x08000400        0xc ./Core/Src/main.o
                0x08000400                Error_Handler
 .text.Oled_Comando
                0x0800040c       0x30 ./Core/Src/oled.o
                0x0800040c                Oled_Comando
 .text.Oled_Comandos
                0x0800043c       0x7a ./Core/Src/oled.o
                0x0800043c                Oled_Comandos
 .text.Oled_Dato
                0x080004b6       0x2e ./Core/Src/oled.o
                0x080004b6                Oled_Dato
 .text.Oled_Inicializa
                0x080004e4      0x114 ./Core/Src/oled.o
                0x080004e4                Oled_Inicializa
 .text.Oled_Dibuja
                0x080005f8       0x6c ./Core/Src/oled.o
                0x080005f8                Oled_Dibuja
 .text.Oled_DibujaEjemplo
                0x08000664       0xa0 ./Core/Src/oled.o
                0x08000664                Oled_DibujaEjemplo
 .text.Oled_LimpiaDisplay
                0x08000704       0x28 ./Core/Src/oled.o
                0x08000704                Oled_LimpiaDisplay
 .text.Oled_ColocaCaracter
                0x0800072c       0x74 ./Core/Src/oled.o
                0x0800072c                Oled_ColocaCaracter
 .text.Oled_EnviaCadenaXY
                0x080007a0       0x64 ./Core/Src/oled.o
                0x080007a0                Oled_EnviaCadenaXY
 .text.HAL_MspInit
                0x08000804       0x64 ./Core/Src/stm32f1xx_hal_msp.o
                0x08000804                HAL_MspInit
 .text.HAL_I2C_MspInit
                0x08000868       0x7c ./Core/Src/stm32f1xx_hal_msp.o
                0x08000868                HAL_I2C_MspInit
 .text.NMI_Handler
                0x080008e4        0x8 ./Core/Src/stm32f1xx_it.o
                0x080008e4                NMI_Handler
 .text.HardFault_Handler
                0x080008ec        0x8 ./Core/Src/stm32f1xx_it.o
                0x080008ec                HardFault_Handler
 .text.MemManage_Handler
                0x080008f4        0x8 ./Core/Src/stm32f1xx_it.o
                0x080008f4                MemManage_Handler
 .text.BusFault_Handler
                0x080008fc        0x8 ./Core/Src/stm32f1xx_it.o
                0x080008fc                BusFault_Handler
 .text.UsageFault_Handler
                0x08000904        0x8 ./Core/Src/stm32f1xx_it.o
                0x08000904                UsageFault_Handler
 .text.SVC_Handler
                0x0800090c        0xc ./Core/Src/stm32f1xx_it.o
                0x0800090c                SVC_Handler
 .text.DebugMon_Handler
                0x08000918        0xc ./Core/Src/stm32f1xx_it.o
                0x08000918                DebugMon_Handler
 .text.PendSV_Handler
                0x08000924        0xc ./Core/Src/stm32f1xx_it.o
                0x08000924                PendSV_Handler
 .text.SysTick_Handler
                0x08000930        0xc ./Core/Src/stm32f1xx_it.o
                0x08000930                SysTick_Handler
 .text.SystemInit
                0x0800093c        0xc ./Core/Src/system_stm32f1xx.o
                0x0800093c                SystemInit
 .text.Reset_Handler
                0x08000948       0x48 ./Core/Startup/startup_stm32f103c8tx.o
                0x08000948                Reset_Handler
 .text.Default_Handler
                0x08000990        0x2 ./Core/Startup/startup_stm32f103c8tx.o
                0x08000990                RTC_Alarm_IRQHandler
                0x08000990                EXTI2_IRQHandler
                0x08000990                TIM1_CC_IRQHandler
                0x08000990                PVD_IRQHandler
                0x08000990                EXTI3_IRQHandler
                0x08000990                EXTI0_IRQHandler
                0x08000990                I2C2_EV_IRQHandler
                0x08000990                ADC1_2_IRQHandler
                0x08000990                SPI1_IRQHandler
                0x08000990                TAMPER_IRQHandler
                0x08000990                DMA1_Channel4_IRQHandler
                0x08000990                USART3_IRQHandler
                0x08000990                RTC_IRQHandler
                0x08000990                DMA1_Channel7_IRQHandler
                0x08000990                CAN1_RX1_IRQHandler
                0x08000990                TIM4_IRQHandler
                0x08000990                I2C1_EV_IRQHandler
                0x08000990                DMA1_Channel6_IRQHandler
                0x08000990                TIM3_IRQHandler
                0x08000990                RCC_IRQHandler
                0x08000990                TIM1_TRG_COM_IRQHandler
                0x08000990                DMA1_Channel1_IRQHandler
                0x08000990                Default_Handler
                0x08000990                EXTI15_10_IRQHandler
                0x08000990                EXTI9_5_IRQHandler
                0x08000990                SPI2_IRQHandler
                0x08000990                DMA1_Channel5_IRQHandler
                0x08000990                EXTI4_IRQHandler
                0x08000990                USB_LP_CAN1_RX0_IRQHandler
                0x08000990                USB_HP_CAN1_TX_IRQHandler
                0x08000990                DMA1_Channel3_IRQHandler
                0x08000990                TIM1_UP_IRQHandler
                0x08000990                WWDG_IRQHandler
                0x08000990                TIM2_IRQHandler
                0x08000990                TIM1_BRK_IRQHandler
                0x08000990                EXTI1_IRQHandler
                0x08000990                USART2_IRQHandler
                0x08000990                I2C2_ER_IRQHandler
                0x08000990                DMA1_Channel2_IRQHandler
                0x08000990                CAN1_SCE_IRQHandler
                0x08000990                FLASH_IRQHandler
                0x08000990                USART1_IRQHandler
                0x08000990                I2C1_ER_IRQHandler
                0x08000990                USBWakeUp_IRQHandler
 *fill*         0x08000992        0x2 
 .text.HAL_Init
                0x08000994       0x2c ./Drivers/STM32F1xx_HAL_Driver/Src/stm32f1xx_hal.o
                0x08000994                HAL_Init
 .text.HAL_InitTick
                0x080009c0       0x60 ./Drivers/STM32F1xx_HAL_Driver/Src/stm32f1xx_hal.o
                0x080009c0                HAL_InitTick
 .text.HAL_IncTick
                0x08000a20       0x24 ./Drivers/STM32F1xx_HAL_Driver/Src/stm32f1xx_hal.o
                0x08000a20                HAL_IncTick
 .text.HAL_GetTick
                0x08000a44       0x14 ./Drivers/STM32F1xx_HAL_Driver/Src/stm32f1xx_hal.o
                0x08000a44                HAL_GetTick
 .text.HAL_Delay
                0x08000a58       0x48 ./Drivers/STM32F1xx_HAL_Driver/Src/stm32f1xx_hal.o
                0x08000a58                HAL_Delay
 .text.__NVIC_SetPriorityGrouping
                0x08000aa0       0x48 ./Drivers/STM32F1xx_HAL_Driver/Src/stm32f1xx_hal_cortex.o
 .text.__NVIC_GetPriorityGrouping
                0x08000ae8       0x1c ./Drivers/STM32F1xx_HAL_Driver/Src/stm32f1xx_hal_cortex.o
 .text.__NVIC_SetPriority
                0x08000b04       0x54 ./Drivers/STM32F1xx_HAL_Driver/Src/stm32f1xx_hal_cortex.o
 .text.NVIC_EncodePriority
                0x08000b58       0x64 ./Drivers/STM32F1xx_HAL_Driver/Src/stm32f1xx_hal_cortex.o
 .text.SysTick_Config
                0x08000bbc       0x44 ./Drivers/STM32F1xx_HAL_Driver/Src/stm32f1xx_hal_cortex.o
 .text.HAL_NVIC_SetPriorityGrouping
                0x08000c00       0x16 ./Drivers/STM32F1xx_HAL_Driver/Src/stm32f1xx_hal_cortex.o
                0x08000c00                HAL_NVIC_SetPriorityGrouping
 .text.HAL_NVIC_SetPriority
                0x08000c16       0x38 ./Drivers/STM32F1xx_HAL_Driver/Src/stm32f1xx_hal_cortex.o
                0x08000c16                HAL_NVIC_SetPriority
 .text.HAL_SYSTICK_Config
                0x08000c4e       0x18 ./Drivers/STM32F1xx_HAL_Driver/Src/stm32f1xx_hal_cortex.o
                0x08000c4e                HAL_SYSTICK_Config
 *fill*         0x08000c66        0x2 
 .text.HAL_GPIO_Init
                0x08000c68      0x308 ./Drivers/STM32F1xx_HAL_Driver/Src/stm32f1xx_hal_gpio.o
                0x08000c68                HAL_GPIO_Init
 .text.HAL_GPIO_WritePin
                0x08000f70       0x30 ./Drivers/STM32F1xx_HAL_Driver/Src/stm32f1xx_hal_gpio.o
                0x08000f70                HAL_GPIO_WritePin
 .text.HAL_GPIO_TogglePin
                0x08000fa0       0x32 ./Drivers/STM32F1xx_HAL_Driver/Src/stm32f1xx_hal_gpio.o
                0x08000fa0                HAL_GPIO_TogglePin
 *fill*         0x08000fd2        0x2 
 .text.HAL_I2C_Init
                0x08000fd4      0x288 ./Drivers/STM32F1xx_HAL_Driver/Src/stm32f1xx_hal_i2c.o
                0x08000fd4                HAL_I2C_Init
 .text.HAL_I2C_Master_Transmit
                0x0800125c      0x1fc ./Drivers/STM32F1xx_HAL_Driver/Src/stm32f1xx_hal_i2c.o
                0x0800125c                HAL_I2C_Master_Transmit
 .text.I2C_MasterRequestWrite
                0x08001458      0x104 ./Drivers/STM32F1xx_HAL_Driver/Src/stm32f1xx_hal_i2c.o
 .text.I2C_WaitOnFlagUntilTimeout
                0x0800155c       0xf4 ./Drivers/STM32F1xx_HAL_Driver/Src/stm32f1xx_hal_i2c.o
 .text.I2C_WaitOnMasterAddressFlagUntilTimeout
                0x08001650      0x140 ./Drivers/STM32F1xx_HAL_Driver/Src/stm32f1xx_hal_i2c.o
 .text.I2C_WaitOnTXEFlagUntilTimeout
                0x08001790       0x90 ./Drivers/STM32F1xx_HAL_Driver/Src/stm32f1xx_hal_i2c.o
 .text.I2C_WaitOnBTFFlagUntilTimeout
                0x08001820       0x90 ./Drivers/STM32F1xx_HAL_Driver/Src/stm32f1xx_hal_i2c.o
 .text.I2C_IsAcknowledgeFailed
                0x080018b0       0x5c ./Drivers/STM32F1xx_HAL_Driver/Src/stm32f1xx_hal_i2c.o
 .text.HAL_RCC_OscConfig
                0x0800190c      0x504 ./Drivers/STM32F1xx_HAL_Driver/Src/stm32f1xx_hal_rcc.o
                0x0800190c                HAL_RCC_OscConfig
 .text.HAL_RCC_ClockConfig
                0x08001e10      0x1d4 ./Drivers/STM32F1xx_HAL_Driver/Src/stm32f1xx_hal_rcc.o
                0x08001e10                HAL_RCC_ClockConfig
 .text.HAL_RCC_GetSysClockFreq
                0x08001fe4       0xa8 ./Drivers/STM32F1xx_HAL_Driver/Src/stm32f1xx_hal_rcc.o
                0x08001fe4                HAL_RCC_GetSysClockFreq
 .text.HAL_RCC_GetHCLKFreq
                0x0800208c       0x14 ./Drivers/STM32F1xx_HAL_Driver/Src/stm32f1xx_hal_rcc.o
                0x0800208c                HAL_RCC_GetHCLKFreq
 .text.HAL_RCC_GetPCLK1Freq
                0x080020a0       0x28 ./Drivers/STM32F1xx_HAL_Driver/Src/stm32f1xx_hal_rcc.o
                0x080020a0                HAL_RCC_GetPCLK1Freq
 .text.RCC_Delay
                0x080020c8       0x3c ./Drivers/STM32F1xx_HAL_Driver/Src/stm32f1xx_hal_rcc.o
 .text.memset   0x08002104       0x10 /usr/lib/gcc/arm-none-eabi/13.2.0/../../../../arm-none-eabi/lib/thumb/v7-m/nofp/libc_nano.a(libc_a-memset.o)
                0x08002104                memset
 .text.__libc_init_array
                0x08002114       0x48 /usr/lib/gcc/arm-none-eabi/13.2.0/../../../../arm-none-eabi/lib/thumb/v7-m/nofp/libc_nano.a(libc_a-init.o)
                0x08002114                __libc_init_array
 .text.memcpy   0x0800215c       0x1c /usr/lib/gcc/arm-none-eabi/13.2.0/../../../../arm-none-eabi/lib/thumb/v7-m/nofp/libc_nano.a(libc_a-memcpy-stub.o)
                0x0800215c                memcpy
 *(.glue_7)
 .glue_7        0x08002178        0x0 linker stubs
 *(.glue_7t)
 .glue_7t       0x08002178        0x0 linker stubs
 *(.eh_frame)
 .eh_frame      0x08002178        0x0 /usr/lib/gcc/arm-none-eabi/13.2.0/thumb/v7-m/nofp/crtbegin.o
 *(.init)
 .init          0x08002178        0x4 /usr/lib/gcc/arm-none-eabi/13.2.0/thumb/v7-m/nofp/crti.o
                0x08002178                _init
 .init          0x0800217c        0x8 /usr/lib/gcc/arm-none-eabi/13.2.0/thumb/v7-m/nofp/crtn.o
 *(.fini)
 .fini          0x08002184        0x4 /usr/lib/gcc/arm-none-eabi/13.2.0/thumb/v7-m/nofp/crti.o
                0x08002184                _fini
 .fini          0x08002188        0x8 /usr/lib/gcc/arm-none-eabi/13.2.0/thumb/v7-m/nofp/crtn.o
                0x08002190                        . = ALIGN (0x4)
                0x08002190                        _etext = .

.vfp11_veneer   0x08002190        0x0
 .vfp11_veneer  0x08002190        0x0 linker stubs

.v4_bx          0x08002190        0x0
 .v4_bx         0x08002190        0x0 linker stubs

.iplt           0x08002190        0x0
 .iplt          0x08002190        0x0 /usr/lib/gcc/arm-none-eabi/13.2.0/thumb/v7-m/nofp/crtbegin.o

.rodata         0x08002190     0x110c
                0x08002190                        . = ALIGN (0x4)
 *(.rodata)
 .rodata        0x08002190       0x63 ./Core/Src/main.o
 *fill*         0x080021f3        0x1 
 .rodata        0x080021f4       0x20 ./Core/Src/oled.o
 *(.rodata*)
 .rodata.image_data_Arial_0x20
                0x08002214        0x8 ./Core/Src/arial.o
 .rodata.Arial_0x20
                0x0800221c        0xc ./Core/Src/arial.o
 .rodata.image_data_Arial_0x21
                0x08002228        0x8 ./Core/Src/arial.o
 .rodata.Arial_0x21
                0x08002230        0xc ./Core/Src/arial.o
 .rodata.image_data_Arial_0x22
                0x0800223c        0x8 ./Core/Src/arial.o
 .rodata.Arial_0x22
                0x08002244        0xc ./Core/Src/arial.o
 .rodata.image_data_Arial_0x23
                0x08002250        0x8 ./Core/Src/arial.o
 .rodata.Arial_0x23
                0x08002258        0xc ./Core/Src/arial.o
 .rodata.image_data_Arial_0x24
                0x08002264        0x8 ./Core/Src/arial.o
 .rodata.Arial_0x24
                0x0800226c        0xc ./Core/Src/arial.o
 .rodata.image_data_Arial_0x25
                0x08002278        0x8 ./Core/Src/arial.o
 .rodata.Arial_0x25
                0x08002280        0xc ./Core/Src/arial.o
 .rodata.image_data_Arial_0x26
                0x0800228c        0x8 ./Core/Src/arial.o
 .rodata.Arial_0x26
                0x08002294        0xc ./Core/Src/arial.o
 .rodata.image_data_Arial_0x27
                0x080022a0        0x8 ./Core/Src/arial.o
 .rodata.Arial_0x27
                0x080022a8        0xc ./Core/Src/arial.o
 .rodata.image_data_Arial_0x28
                0x080022b4        0x8 ./Core/Src/arial.o
 .rodata.Arial_0x28
                0x080022bc        0xc ./Core/Src/arial.o
 .rodata.image_data_Arial_0x29
                0x080022c8        0x8 ./Core/Src/arial.o
 .rodata.Arial_0x29
                0x080022d0        0xc ./Core/Src/arial.o
 .rodata.image_data_Arial_0x2a
                0x080022dc        0x8 ./Core/Src/arial.o
 .rodata.Arial_0x2a
                0x080022e4        0xc ./Core/Src/arial.o
 .rodata.image_data_Arial_0x2b
                0x080022f0        0x8 ./Core/Src/arial.o
 .rodata.Arial_0x2b
                0x080022f8        0xc ./Core/Src/arial.o
 .rodata.image_data_Arial_0x2c
                0x08002304        0x8 ./Core/Src/arial.o
 .rodata.Arial_0x2c
                0x0800230c        0xc ./Core/Src/arial.o
 .rodata.image_data_Arial_0x2d
                0x08002318        0x8 ./Core/Src/arial.o
 .rodata.Arial_0x2d
                0x08002320        0xc ./Core/Src/arial.o
 .rodata.image_data_Arial_0x2e
                0x0800232c        0x8 ./Core/Src/arial.o
 .rodata.Arial_0x2e
                0x08002334        0xc ./Core/Src/arial.o
 .rodata.image_data_Arial_0x2f
                0x08002340        0x8 ./Core/Src/arial.o
 .rodata.Arial_0x2f
                0x08002348        0xc ./Core/Src/arial.o
 .rodata.image_data_Arial_0x30
                0x08002354        0x8 ./Core/Src/arial.o
 .rodata.Arial_0x30
                0x0800235c        0xc ./Core/Src/arial.o
 .rodata.image_data_Arial_0x31
                0x08002368        0x8 ./Core/Src/arial.o
 .rodata.Arial_0x31
                0x08002370        0xc ./Core/Src/arial.o
 .rodata.image_data_Arial_0x32
                0x0800237c        0x8 ./Core/Src/arial.o
 .rodata.Arial_0x32
                0x08002384        0xc ./Core/Src/arial.o
 .rodata.image_data_Arial_0x33
                0x08002390        0x8 ./Core/Src/arial.o
 .rodata.Arial_0x33
                0x08002398        0xc ./Core/Src/arial.o
 .rodata.image_data_Arial_0x34
                0x080023a4        0x8 ./Core/Src/arial.o
 .rodata.Arial_0x34
                0x080023ac        0xc ./Core/Src/arial.o
 .rodata.image_data_Arial_0x35
                0x080023b8        0x8 ./Core/Src/arial.o
 .rodata.Arial_0x35
                0x080023c0        0xc ./Core/Src/arial.o
 .rodata.image_data_Arial_0x36
                0x080023cc        0x8 ./Core/Src/arial.o
 .rodata.Arial_0x36
                0x080023d4        0xc ./Core/Src/arial.o
 .rodata.image_data_Arial_0x37
                0x080023e0        0x8 ./Core/Src/arial.o
 .rodata.Arial_0x37
                0x080023e8        0xc ./Core/Src/arial.o
 .rodata.image_data_Arial_0x38
                0x080023f4        0x8 ./Core/Src/arial.o
 .rodata.Arial_0x38
                0x080023fc        0xc ./Core/Src/arial.o
 .rodata.image_data_Arial_0x39
                0x08002408        0x8 ./Core/Src/arial.o
 .rodata.Arial_0x39
                0x08002410        0xc ./Core/Src/arial.o
 .rodata.image_data_Arial_0x3a
                0x0800241c        0x8 ./Core/Src/arial.o
 .rodata.Arial_0x3a
                0x08002424        0xc ./Core/Src/arial.o
 .rodata.image_data_Arial_0x3b
                0x08002430        0x8 ./Core/Src/arial.o
 .rodata.Arial_0x3b
                0x08002438        0xc ./Core/Src/arial.o
 .rodata.image_data_Arial_0x3c
                0x08002444        0x8 ./Core/Src/arial.o
 .rodata.Arial_0x3c
                0x0800244c        0xc ./Core/Src/arial.o
 .rodata.image_data_Arial_0x3d
                0x08002458        0x8 ./Core/Src/arial.o
 .rodata.Arial_0x3d
                0x08002460        0xc ./Core/Src/arial.o
 .rodata.image_data_Arial_0x3e
                0x0800246c        0x8 ./Core/Src/arial.o
 .rodata.Arial_0x3e
                0x08002474        0xc ./Core/Src/arial.o
 .rodata.image_data_Arial_0x3f
                0x08002480        0x8 ./Core/Src/arial.o
 .rodata.Arial_0x3f
                0x08002488        0xc ./Core/Src/arial.o
 .rodata.image_data_Arial_0x40
                0x08002494        0x8 ./Core/Src/arial.o
 .rodata.Arial_0x40
                0x0800249c        0xc ./Core/Src/arial.o
 .rodata.image_data_Arial_0x41
                0x080024a8        0x8 ./Core/Src/arial.o
 .rodata.Arial_0x41
                0x080024b0        0xc ./Core/Src/arial.o
 .rodata.image_data_Arial_0x42
                0x080024bc        0x8 ./Core/Src/arial.o
 .rodata.Arial_0x42
                0x080024c4        0xc ./Core/Src/arial.o
 .rodata.image_data_Arial_0x43
                0x080024d0        0x8 ./Core/Src/arial.o
 .rodata.Arial_0x43
                0x080024d8        0xc ./Core/Src/arial.o
 .rodata.image_data_Arial_0x44
                0x080024e4        0x8 ./Core/Src/arial.o
 .rodata.Arial_0x44
                0x080024ec        0xc ./Core/Src/arial.o
 .rodata.image_data_Arial_0x45
                0x080024f8        0x8 ./Core/Src/arial.o
 .rodata.Arial_0x45
                0x08002500        0xc ./Core/Src/arial.o
 .rodata.image_data_Arial_0x46
                0x0800250c        0x8 ./Core/Src/arial.o
 .rodata.Arial_0x46
                0x08002514        0xc ./Core/Src/arial.o
 .rodata.image_data_Arial_0x47
                0x08002520        0x8 ./Core/Src/arial.o
 .rodata.Arial_0x47
                0x08002528        0xc ./Core/Src/arial.o
 .rodata.image_data_Arial_0x48
                0x08002534        0x8 ./Core/Src/arial.o
 .rodata.Arial_0x48
                0x0800253c        0xc ./Core/Src/arial.o
 .rodata.image_data_Arial_0x49
                0x08002548        0x8 ./Core/Src/arial.o
 .rodata.Arial_0x49
                0x08002550        0xc ./Core/Src/arial.o
 .rodata.image_data_Arial_0x4a
                0x0800255c        0x8 ./Core/Src/arial.o
 .rodata.Arial_0x4a
                0x08002564        0xc ./Core/Src/arial.o
 .rodata.image_data_Arial_0x4b
                0x08002570        0x8 ./Core/Src/arial.o
 .rodata.Arial_0x4b
                0x08002578        0xc ./Core/Src/arial.o
 .rodata.image_data_Arial_0x4c
                0x08002584        0x8 ./Core/Src/arial.o
 .rodata.Arial_0x4c
                0x0800258c        0xc ./Core/Src/arial.o
 .rodata.image_data_Arial_0x4d
                0x08002598        0x8 ./Core/Src/arial.o
 .rodata.Arial_0x4d
                0x080025a0        0xc ./Core/Src/arial.o
 .rodata.image_data_Arial_0x4e
                0x080025ac        0x8 ./Core/Src/arial.o
 .rodata.Arial_0x4e
                0x080025b4        0xc ./Core/Src/arial.o
 .rodata.image_data_Arial_0x4f
                0x080025c0        0x8 ./Core/Src/arial.o
 .rodata.Arial_0x4f
                0x080025c8        0xc ./Core/Src/arial.o
 .rodata.image_data_Arial_0x50
                0x080025d4        0x8 ./Core/Src/arial.o
 .rodata.Arial_0x50
                0x080025dc        0xc ./Core/Src/arial.o
 .rodata.image_data_Arial_0x51
                0x080025e8        0x8 ./Core/Src/arial.o
 .rodata.Arial_0x51
                0x080025f0        0xc ./Core/Src/arial.o
 .rodata.image_data_Arial_0x52
                0x080025fc        0x8 ./Core/Src/arial.o
 .rodata.Arial_0x52
                0x08002604        0xc ./Core/Src/arial.o
 .rodata.image_data_Arial_0x53
                0x08002610        0x8 ./Core/Src/arial.o
 .rodata.Arial_0x53
                0x08002618        0xc ./Core/Src/arial.o
 .rodata.image_data_Arial_0x54
                0x08002624        0x8 ./Core/Src/arial.o
 .rodata.Arial_0x54
                0x0800262c        0xc ./Core/Src/arial.o
 .rodata.image_data_Arial_0x55
                0x08002638        0x8 ./Core/Src/arial.o
 .rodata.Arial_0x55
                0x08002640        0xc ./Core/Src/arial.o
 .rodata.image_data_Arial_0x56
                0x0800264c        0x8 ./Core/Src/arial.o
 .rodata.Arial_0x56
                0x08002654        0xc ./Core/Src/arial.o
 .rodata.image_data_Arial_0x57
                0x08002660        0x8 ./Core/Src/arial.o
 .rodata.Arial_0x57
                0x08002668        0xc ./Core/Src/arial.o
 .rodata.image_data_Arial_0x58
                0x08002674        0x8 ./Core/Src/arial.o
 .rodata.Arial_0x58
                0x0800267c        0xc ./Core/Src/arial.o
 .rodata.image_data_Arial_0x59
                0x08002688        0x8 ./Core/Src/arial.o
 .rodata.Arial_0x59
                0x08002690        0xc ./Core/Src/arial.o
 .rodata.image_data_Arial_0x5a
                0x0800269c        0x8 ./Core/Src/arial.o
 .rodata.Arial_0x5a
                0x080026a4        0xc ./Core/Src/arial.o
 .rodata.image_data_Arial_0x5b
                0x080026b0        0x8 ./Core/Src/arial.o
 .rodata.Arial_0x5b
                0x080026b8        0xc ./Core/Src/arial.o
 .rodata.image_data_Arial_0x5c
                0x080026c4        0x8 ./Core/Src/arial.o
 .rodata.Arial_0x5c
                0x080026cc        0xc ./Core/Src/arial.o
 .rodata.image_data_Arial_0x5d
                0x080026d8        0x8 ./Core/Src/arial.o
 .rodata.Arial_0x5d
                0x080026e0        0xc ./Core/Src/arial.o
 .rodata.image_data_Arial_0x5e
                0x080026ec        0x8 ./Core/Src/arial.o
 .rodata.Arial_0x5e
                0x080026f4        0xc ./Core/Src/arial.o
 .rodata.image_data_Arial_0x5f
                0x08002700        0x8 ./Core/Src/arial.o
 .rodata.Arial_0x5f
                0x08002708        0xc ./Core/Src/arial.o
 .rodata.image_data_Arial_0x60
                0x08002714        0x8 ./Core/Src/arial.o
 .rodata.Arial_0x60
                0x0800271c        0xc ./Core/Src/arial.o
 .rodata.image_data_Arial_0x61
                0x08002728        0x8 ./Core/Src/arial.o
 .rodata.Arial_0x61
                0x08002730        0xc ./Core/Src/arial.o
 .rodata.image_data_Arial_0x62
                0x0800273c        0x8 ./Core/Src/arial.o
 .rodata.Arial_0x62
                0x08002744        0xc ./Core/Src/arial.o
 .rodata.image_data_Arial_0x63
                0x08002750        0x8 ./Core/Src/arial.o
 .rodata.Arial_0x63
                0x08002758        0xc ./Core/Src/arial.o
 .rodata.image_data_Arial_0x64
                0x08002764        0x8 ./Core/Src/arial.o
 .rodata.Arial_0x64
                0x0800276c        0xc ./Core/Src/arial.o
 .rodata.image_data_Arial_0x65
                0x08002778        0x8 ./Core/Src/arial.o
 .rodata.Arial_0x65
                0x08002780        0xc ./Core/Src/arial.o
 .rodata.image_data_Arial_0x66
                0x0800278c        0x8 ./Core/Src/arial.o
 .rodata.Arial_0x66
                0x08002794        0xc ./Core/Src/arial.o
 .rodata.image_data_Arial_0x67
                0x080027a0        0x8 ./Core/Src/arial.o
 .rodata.Arial_0x67
                0x080027a8        0xc ./Core/Src/arial.o
 .rodata.image_data_Arial_0x68
                0x080027b4        0x8 ./Core/Src/arial.o
 .rodata.Arial_0x68
                0x080027bc        0xc ./Core/Src/arial.o
 .rodata.image_data_Arial_0x69
                0x080027c8        0x8 ./Core/Src/arial.o
 .rodata.Arial_0x69
                0x080027d0        0xc ./Core/Src/arial.o
 .rodata.image_data_Arial_0x6a
                0x080027dc        0x8 ./Core/Src/arial.o
 .rodata.Arial_0x6a
                0x080027e4        0xc ./Core/Src/arial.o
 .rodata.image_data_Arial_0x6b
                0x080027f0        0x8 ./Core/Src/arial.o
 .rodata.Arial_0x6b
                0x080027f8        0xc ./Core/Src/arial.o
 .rodata.image_data_Arial_0x6c
                0x08002804        0x8 ./Core/Src/arial.o
 .rodata.Arial_0x6c
                0x0800280c        0xc ./Core/Src/arial.o
 .rodata.image_data_Arial_0x6d
                0x08002818        0x8 ./Core/Src/arial.o
 .rodata.Arial_0x6d
                0x08002820        0xc ./Core/Src/arial.o
 .rodata.image_data_Arial_0x6e
                0x0800282c        0x8 ./Core/Src/arial.o
 .rodata.Arial_0x6e
                0x08002834        0xc ./Core/Src/arial.o
 .rodata.image_data_Arial_0x6f
                0x08002840        0x8 ./Core/Src/arial.o
 .rodata.Arial_0x6f
                0x08002848        0xc ./Core/Src/arial.o
 .rodata.image_data_Arial_0x70
                0x08002854        0x8 ./Core/Src/arial.o
 .rodata.Arial_0x70
                0x0800285c        0xc ./Core/Src/arial.o
 .rodata.image_data_Arial_0x71
                0x08002868        0x8 ./Core/Src/arial.o
 .rodata.Arial_0x71
                0x08002870        0xc ./Core/Src/arial.o
 .rodata.image_data_Arial_0x72
                0x0800287c        0x8 ./Core/Src/arial.o
 .rodata.Arial_0x72
                0x08002884        0xc ./Core/Src/arial.o
 .rodata.image_data_Arial_0x73
                0x08002890        0x8 ./Core/Src/arial.o
 .rodata.Arial_0x73
                0x08002898        0xc ./Core/Src/arial.o
 .rodata.image_data_Arial_0x74
                0x080028a4        0x8 ./Core/Src/arial.o
 .rodata.Arial_0x74
                0x080028ac        0xc ./Core/Src/arial.o
 .rodata.image_data_Arial_0x75
                0x080028b8        0x8 ./Core/Src/arial.o
 .rodata.Arial_0x75
                0x080028c0        0xc ./Core/Src/arial.o
 .rodata.image_data_Arial_0x76
                0x080028cc        0x8 ./Core/Src/arial.o
 .rodata.Arial_0x76
                0x080028d4        0xc ./Core/Src/arial.o
 .rodata.image_data_Arial_0x77
                0x080028e0        0x8 ./Core/Src/arial.o
 .rodata.Arial_0x77
                0x080028e8        0xc ./Core/Src/arial.o
 .rodata.image_data_Arial_0x78
                0x080028f4        0x8 ./Core/Src/arial.o
 .rodata.Arial_0x78
                0x080028fc        0xc ./Core/Src/arial.o
 .rodata.image_data_Arial_0x79
                0x08002908        0x8 ./Core/Src/arial.o
 .rodata.Arial_0x79
                0x08002910        0xc ./Core/Src/arial.o
 .rodata.image_data_Arial_0x7a
                0x0800291c        0x8 ./Core/Src/arial.o
 .rodata.Arial_0x7a
                0x08002924        0xc ./Core/Src/arial.o
 .rodata.image_data_Arial_0x7b
                0x08002930        0x8 ./Core/Src/arial.o
 .rodata.Arial_0x7b
                0x08002938        0xc ./Core/Src/arial.o
 .rodata.image_data_Arial_0x7c
                0x08002944        0x8 ./Core/Src/arial.o
 .rodata.Arial_0x7c
                0x0800294c        0xc ./Core/Src/arial.o
 .rodata.image_data_Arial_0x7d
                0x08002958        0x8 ./Core/Src/arial.o
 .rodata.Arial_0x7d
                0x08002960        0xc ./Core/Src/arial.o
 .rodata.image_data_Arial_0x7e
                0x0800296c        0x8 ./Core/Src/arial.o
 .rodata.Arial_0x7e
                0x08002974        0xc ./Core/Src/arial.o
 .rodata.Arial_array
                0x08002980      0x8e8 ./Core/Src/arial.o
 .rodata.Arial  0x08003268        0x8 ./Core/Src/arial.o
                0x08003268                Arial
 .rodata.AHBPrescTable
                0x08003270       0x10 ./Core/Src/system_stm32f1xx.o
                0x08003270                AHBPrescTable
 .rodata.APBPrescTable
                0x08003280        0x8 ./Core/Src/system_stm32f1xx.o
                0x08003280                APBPrescTable
 .rodata.aPLLMULFactorTable.1
                0x08003288       0x10 ./Drivers/STM32F1xx_HAL_Driver/Src/stm32f1xx_hal_rcc.o
 .rodata.aPredivFactorTable.0
                0x08003298        0x2 ./Drivers/STM32F1xx_HAL_Driver/Src/stm32f1xx_hal_rcc.o
                0x0800329c                        . = ALIGN (0x4)
 *fill*         0x0800329a        0x2 

.rel.dyn        0x0800329c        0x0
 .rel.iplt      0x0800329c        0x0 /usr/lib/gcc/arm-none-eabi/13.2.0/thumb/v7-m/nofp/crtbegin.o

.ARM.extab      0x0800329c        0x0
                0x0800329c                        . = ALIGN (0x4)
 *(.ARM.extab* .gnu.linkonce.armextab.*)
                0x0800329c                        . = ALIGN (0x4)

.ARM            0x0800329c        0x0
                0x0800329c                        . = ALIGN (0x4)
                0x0800329c                        __exidx_start = .
 *(.ARM.exidx*)
                0x0800329c                        __exidx_end = .
                0x0800329c                        . = ALIGN (0x4)

.preinit_array  0x0800329c        0x0
                0x0800329c                        . = ALIGN (0x4)
                0x0800329c                        PROVIDE (__preinit_array_start = .)
 *(.preinit_array*)
                0x0800329c                        PROVIDE (__preinit_array_end = .)
                0x0800329c                        . = ALIGN (0x4)

.init_array     0x0800329c        0x4
                0x0800329c                        . = ALIGN (0x4)
                0x0800329c                        PROVIDE (__init_array_start = .)
 *(SORT_BY_NAME(.init_array.*))
 *(.init_array*)
 .init_array    0x0800329c        0x4 /usr/lib/gcc/arm-none-eabi/13.2.0/thumb/v7-m/nofp/crtbegin.o
                0x080032a0                        PROVIDE (__init_array_end = .)
                0x080032a0                        . = ALIGN (0x4)

.fini_array     0x080032a0        0x4
                0x080032a0                        . = ALIGN (0x4)
                0x080032a0                        PROVIDE (__fini_array_start = .)
 *(SORT_BY_NAME(.fini_array.*))
 *(.fini_array*)
 .fini_array    0x080032a0        0x4 /usr/lib/gcc/arm-none-eabi/13.2.0/thumb/v7-m/nofp/crtbegin.o
                0x080032a4                        PROVIDE (__fini_array_end = .)
                0x080032a4                        . = ALIGN (0x4)
                0x080032a4                        _sidata = LOADADDR (.data)

.data           0x20000000        0xc load address 0x080032a4
                0x20000000                        . = ALIGN (0x4)
                0x20000000                        _sdata = .
 *(.data)
 *(.data*)
 .data.SystemCoreClock
                0x20000000        0x4 ./Core/Src/system_stm32f1xx.o
                0x20000000                SystemCoreClock
 .data.uwTickPrio
                0x20000004        0x4 ./Drivers/STM32F1xx_HAL_Driver/Src/stm32f1xx_hal.o
                0x20000004                uwTickPrio
 .data.uwTickFreq
                0x20000008        0x1 ./Drivers/STM32F1xx_HAL_Driver/Src/stm32f1xx_hal.o
                0x20000008                uwTickFreq
 *(.RamFunc)
 *(.RamFunc*)
                0x2000000c                        . = ALIGN (0x4)
 *fill*         0x20000009        0x3 
                0x2000000c                        _edata = .

.igot.plt       0x2000000c        0x0 load address 0x080032b0
 .igot.plt      0x2000000c        0x0 /usr/lib/gcc/arm-none-eabi/13.2.0/thumb/v7-m/nofp/crtbegin.o
                0x2000000c                        . = ALIGN (0x4)

.bss            0x2000000c      0x474 load address 0x080032b0
                0x2000000c                        _sbss = .
                0x2000000c                        __bss_start__ = _sbss
 *(.bss)
 *(.bss*)
 .bss.completed.1
                0x2000000c        0x1 /usr/lib/gcc/arm-none-eabi/13.2.0/thumb/v7-m/nofp/crtbegin.o
 *fill*         0x2000000d        0x3 
 .bss.object.0  0x20000010       0x18 /usr/lib/gcc/arm-none-eabi/13.2.0/thumb/v7-m/nofp/crtbegin.o
 .bss.hi2c1     0x20000028       0x54 ./Core/Src/main.o
                0x20000028                hi2c1
 .bss.buffer    0x2000007c      0x400 ./Core/Src/oled.o
                0x2000007c                buffer
 .bss.uwTick    0x2000047c        0x4 ./Drivers/STM32F1xx_HAL_Driver/Src/stm32f1xx_hal.o
                0x2000047c                uwTick
 *(COMMON)
                0x20000480                        . = ALIGN (0x4)
                0x20000480                        _ebss = .
                0x20000480                        __bss_end__ = _ebss

._user_heap_stack
                0x20000480      0x600 load address 0x080032b0
                0x20000480                        . = ALIGN (0x8)
                [!provide]                        PROVIDE (end = .)
                0x20000480                        PROVIDE (_end = .)
                0x20000680                        . = (. + _Min_Heap_Size)
 *fill*         0x20000480      0x200 
                0x20000a80                        . = (. + _Min_Stack_Size)
 *fill*         0x20000680      0x400 
                0x20000a80                        . = ALIGN (0x8)

/DISCARD/
 libc.a(*)
 libm.a(*)
 libgcc.a(*)

.ARM.attributes
                0x00000000       0x29
 *(.ARM.attributes)
 .ARM.attributes
                0x00000000       0x1d /usr/lib/gcc/arm-none-eabi/13.2.0/thumb/v7-m/nofp/crti.o
 .ARM.attributes
                0x0000001d       0x2d /usr/lib/gcc/arm-none-eabi/13.2.0/thumb/v7-m/nofp/crtbegin.o
 .ARM.attributes
                0x0000004a       0x2d ./Core/Src/arial.o
 .ARM.attributes
                0x00000077       0x2d ./Core/Src/main.o
 .ARM.attributes
                0x000000a4       0x2d ./Core/Src/oled.o
 .ARM.attributes
                0x000000d1       0x2d ./Core/Src/stm32f1xx_hal_msp.o
 .ARM.attributes
                0x000000fe       0x2d ./Core/Src/stm32f1xx_it.o
 .ARM.attributes
                0x0000012b       0x2d ./Core/Src/system_stm32f1xx.o
 .ARM.attributes
                0x00000158       0x21 ./Core/Startup/startup_stm32f103c8tx.o
 .ARM.attributes
                0x00000179       0x2d ./Drivers/STM32F1xx_HAL_Driver/Src/stm32f1xx_hal.o
 .ARM.attributes
                0x000001a6       0x2d ./Drivers/STM32F1xx_HAL_Driver/Src/stm32f1xx_hal_cortex.o
 .ARM.attributes
                0x000001d3       0x2d ./Drivers/STM32F1xx_HAL_Driver/Src/stm32f1xx_hal_gpio.o
 .ARM.attributes
                0x00000200       0x2d ./Drivers/STM32F1xx_HAL_Driver/Src/stm32f1xx_hal_i2c.o
 .ARM.attributes
                0x0000022d       0x2d ./Drivers/STM32F1xx_HAL_Driver/Src/stm32f1xx_hal_rcc.o
 .ARM.attributes
                0x0000025a       0x2d /usr/lib/gcc/arm-none-eabi/13.2.0/../../../../arm-none-eabi/lib/thumb/v7-m/nofp/libc_nano.a(libc_a-memset.o)
 .ARM.attributes
                0x00000287       0x2d /usr/lib/gcc/arm-none-eabi/13.2.0/../../../../arm-none-eabi/lib/thumb/v7-m/nofp/libc_nano.a(libc_a-init.o)
 .ARM.attributes
                0x000002b4       0x2d /usr/lib/gcc/arm-none-eabi/13.2.0/../../../../arm-none-eabi/lib/thumb/v7-m/nofp/libc_nano.a(libc_a-memcpy-stub.o)
 .ARM.attributes
                0x000002e1       0x1d /usr/lib/gcc/arm-none-eabi/13.2.0/thumb/v7-m/nofp/crtn.o
OUTPUT(Prueba_OLED_F103_Cadena.elf elf32-littlearm)
LOAD linker stubs
LOAD /usr/lib/gcc/arm-none-eabi/13.2.0/../../../../arm-none-eabi/lib/thumb/v7-m/nofp/libc.a
LOAD /usr/lib/gcc/arm-none-eabi/13.2.0/../../../../arm-none-eabi/lib/thumb/v7-m/nofp/libm.a
LOAD /usr/lib/gcc/arm-none-eabi/13.2.0/thumb/v7-m/nofp/libgcc.a

.debug_info     0x00000000     0x7796
 .debug_info    0x00000000      0xefc ./Core/Src/arial.o
 .debug_info    0x00000efc      0xa93 ./Core/Src/main.o
 .debug_info    0x0000198f      0xb31 ./Core/Src/oled.o
 .debug_info    0x000024c0      0x845 ./Core/Src/stm32f1xx_hal_msp.o
 .debug_info    0x00002d05      0x113 ./Core/Src/stm32f1xx_it.o
 .debug_info    0x00002e18      0x222 ./Core/Src/system_stm32f1xx.o
 .debug_info    0x0000303a       0x30 ./Core/Startup/startup_stm32f103c8tx.o
 .debug_info    0x0000306a      0x704 ./Drivers/STM32F1xx_HAL_Driver/Src/stm32f1xx_hal.o
 .debug_info    0x0000376e      0xa87 ./Drivers/STM32F1xx_HAL_Driver/Src/stm32f1xx_hal_cortex.o
 .debug_info    0x000041f5      0x5ab ./Drivers/STM32F1xx_HAL_Driver/Src/stm32f1xx_hal_gpio.o
 .debug_info    0x000047a0     0x2515 ./Drivers/STM32F1xx_HAL_Driver/Src/stm32f1xx_hal_i2c.o
 .debug_info    0x00006cb5      0x7d5 ./Drivers/STM32F1xx_HAL_Driver/Src/stm32f1xx_hal_rcc.o
 .debug_info    0x0000748a       0xe0 /usr/lib/gcc/arm-none-eabi/13.2.0/../../../../arm-none-eabi/lib/thumb/v7-m/nofp/libc_nano.a(libc_a-memset.o)
 .debug_info    0x0000756a      0x10b /usr/lib/gcc/arm-none-eabi/13.2.0/../../../../arm-none-eabi/lib/thumb/v7-m/nofp/libc_nano.a(libc_a-init.o)
 .debug_info    0x00007675      0x121 /usr/lib/gcc/arm-none-eabi/13.2.0/../../../../arm-none-eabi/lib/thumb/v7-m/nofp/libc_nano.a(libc_a-memcpy-stub.o)

.debug_abbrev   0x00000000     0x16c7
 .debug_abbrev  0x00000000       0xb4 ./Core/Src/arial.o
 .debug_abbrev  0x000000b4      0x25a ./Core/Src/main.o
 .debug_abbrev  0x0000030e      0x1ff ./Core/Src/oled.o
 .debug_abbrev  0x0000050d      0x1a3 ./Core/Src/stm32f1xx_hal_msp.o
 .debug_abbrev  0x000006b0       0x73 ./Core/Src/stm32f1xx_it.o
 .debug_abbrev  0x00000723      0x13f ./Core/Src/system_stm32f1xx.o
 .debug_abbrev  0x00000862       0x24 ./Core/Startup/startup_stm32f103c8tx.o
 .debug_abbrev  0x00000886      0x201 ./Drivers/STM32F1xx_HAL_Driver/Src/stm32f1xx_hal.o
 .debug_abbrev  0x00000a87      0x2f8 ./Drivers/STM32F1xx_HAL_Driver/Src/stm32f1xx_hal_cortex.o
 .debug_abbrev  0x00000d7f      0x1ca ./Drivers/STM32F1xx_HAL_Driver/Src/stm32f1xx_hal_gpio.o
 .debug_abbrev  0x00000f49      0x2a3 ./Drivers/STM32F1xx_HAL_Driver/Src/stm32f1xx_hal_i2c.o
 .debug_abbrev  0x000011ec      0x2b3 ./Drivers/STM32F1xx_HAL_Driver/Src/stm32f1xx_hal_rcc.o
 .debug_abbrev  0x0000149f       0x9e /usr/lib/gcc/arm-none-eabi/13.2.0/../../../../arm-none-eabi/lib/thumb/v7-m/nofp/libc_nano.a(libc_a-memset.o)
 .debug_abbrev  0x0000153d       0xc9 /usr/lib/gcc/arm-none-eabi/13.2.0/../../../../arm-none-eabi/lib/thumb/v7-m/nofp/libc_nano.a(libc_a-init.o)
 .debug_abbrev  0x00001606       0xc1 /usr/lib/gcc/arm-none-eabi/13.2.0/../../../../arm-none-eabi/lib/thumb/v7-m/nofp/libc_nano.a(libc_a-memcpy-stub.o)

.debug_aranges  0x00000000      0x770
 .debug_aranges
                0x00000000       0x18 ./Core/Src/arial.o
 .debug_aranges
                0x00000018       0x40 ./Core/Src/main.o
 .debug_aranges
                0x00000058       0x68 ./Core/Src/oled.o
 .debug_aranges
                0x000000c0       0x30 ./Core/Src/stm32f1xx_hal_msp.o
 .debug_aranges
                0x000000f0       0x60 ./Core/Src/stm32f1xx_it.o
 .debug_aranges
                0x00000150       0x28 ./Core/Src/system_stm32f1xx.o
 .debug_aranges
                0x00000178       0x28 ./Core/Startup/startup_stm32f103c8tx.o
 .debug_aranges
                0x000001a0       0xe0 ./Drivers/STM32F1xx_HAL_Driver/Src/stm32f1xx_hal.o
 .debug_aranges
                0x00000280      0x100 ./Drivers/STM32F1xx_HAL_Driver/Src/stm32f1xx_hal_cortex.o
 .debug_aranges
                0x00000380       0x58 ./Drivers/STM32F1xx_HAL_Driver/Src/stm32f1xx_hal_gpio.o
 .debug_aranges
                0x000003d8      0x2a8 ./Drivers/STM32F1xx_HAL_Driver/Src/stm32f1xx_hal_i2c.o
 .debug_aranges
                0x00000680       0x90 ./Drivers/STM32F1xx_HAL_Driver/Src/stm32f1xx_hal_rcc.o
 .debug_aranges
                0x00000710       0x20 /usr/lib/gcc/arm-none-eabi/13.2.0/../../../../arm-none-eabi/lib/thumb/v7-m/nofp/libc_nano.a(libc_a-memset.o)
 .debug_aranges
                0x00000730       0x20 /usr/lib/gcc/arm-none-eabi/13.2.0/../../../../arm-none-eabi/lib/thumb/v7-m/nofp/libc_nano.a(libc_a-init.o)
 .debug_aranges
                0x00000750       0x20 /usr/lib/gcc/arm-none-eabi/13.2.0/../../../../arm-none-eabi/lib/thumb/v7-m/nofp/libc_nano.a(libc_a-memcpy-stub.o)

.debug_macro    0x00000000    0x1690b
 .debug_macro   0x00000000       0x80 ./Core/Src/arial.o
 .debug_macro   0x00000080      0xacc ./Core/Src/arial.o
 .debug_macro   0x00000b4c       0x22 ./Core/Src/arial.o
 .debug_macro   0x00000b6e       0x8e ./Core/Src/arial.o
 .debug_macro   0x00000bfc       0x51 ./Core/Src/arial.o
 .debug_macro   0x00000c4d      0x103 ./Core/Src/arial.o
 .debug_macro   0x00000d50       0x6a ./Core/Src/arial.o
 .debug_macro   0x00000dba      0x1df ./Core/Src/arial.o
 .debug_macro   0x00000f99      0x1a7 ./Core/Src/main.o
 .debug_macro   0x00001140      0x215 ./Core/Src/main.o
 .debug_macro   0x00001355       0x2e ./Core/Src/main.o
 .debug_macro   0x00001383       0x22 ./Core/Src/main.o
 .debug_macro   0x000013a5       0x1c ./Core/Src/main.o
 .debug_macro   0x000013c1       0x22 ./Core/Src/main.o
 .debug_macro   0x000013e3       0xbd ./Core/Src/main.o
 .debug_macro   0x000014a0      0xd23 ./Core/Src/main.o
 .debug_macro   0x000021c3     0xe09e ./Core/Src/main.o
 .debug_macro   0x00010261       0x6d ./Core/Src/main.o
 .debug_macro   0x000102ce     0x348d ./Core/Src/main.o
 .debug_macro   0x0001375b      0x190 ./Core/Src/main.o
 .debug_macro   0x000138eb       0x5c ./Core/Src/main.o
 .debug_macro   0x00013947      0x5bc ./Core/Src/main.o
 .debug_macro   0x00013f03      0x289 ./Core/Src/main.o
 .debug_macro   0x0001418c      0x1cb ./Core/Src/main.o
 .debug_macro   0x00014357      0x114 ./Core/Src/main.o
 .debug_macro   0x0001446b      0x1b2 ./Core/Src/main.o
 .debug_macro   0x0001461d       0x27 ./Core/Src/main.o
 .debug_macro   0x00014644      0x136 ./Core/Src/main.o
 .debug_macro   0x0001477a      0x1bc ./Core/Src/main.o
 .debug_macro   0x00014936       0x34 ./Core/Src/main.o
 .debug_macro   0x0001496a       0x3c ./Core/Src/main.o
 .debug_macro   0x000149a6       0x57 ./Core/Src/main.o
 .debug_macro   0x000149fd       0x87 ./Core/Src/main.o
 .debug_macro   0x00014a84      0x240 ./Core/Src/main.o
 .debug_macro   0x00014cc4      0x287 ./Core/Src/main.o
 .debug_macro   0x00014f4b      0x140 ./Core/Src/main.o
 .debug_macro   0x0001508b       0x83 ./Core/Src/main.o
 .debug_macro   0x0001510e       0x10 ./Core/Src/main.o
 .debug_macro   0x0001511e      0x276 ./Core/Src/oled.o
 .debug_macro   0x00015394       0x22 ./Core/Src/oled.o
 .debug_macro   0x000153b6       0x61 ./Core/Src/oled.o
 .debug_macro   0x00015417       0x24 ./Core/Src/oled.o
 .debug_macro   0x0001543b       0x43 ./Core/Src/oled.o
 .debug_macro   0x0001547e       0x34 ./Core/Src/oled.o
 .debug_macro   0x000154b2       0x16 ./Core/Src/oled.o
 .debug_macro   0x000154c8       0x4a ./Core/Src/oled.o
 .debug_macro   0x00015512       0x34 ./Core/Src/oled.o
 .debug_macro   0x00015546       0x10 ./Core/Src/oled.o
 .debug_macro   0x00015556       0x58 ./Core/Src/oled.o
 .debug_macro   0x000155ae       0x8e ./Core/Src/oled.o
 .debug_macro   0x0001563c       0x1c ./Core/Src/oled.o
 .debug_macro   0x00015658      0x177 ./Core/Src/oled.o
 .debug_macro   0x000157cf      0x369 ./Core/Src/oled.o
 .debug_macro   0x00015b38       0x10 ./Core/Src/oled.o
 .debug_macro   0x00015b48       0x3c ./Core/Src/oled.o
 .debug_macro   0x00015b84      0x19d ./Core/Src/stm32f1xx_hal_msp.o
 .debug_macro   0x00015d21      0x1a7 ./Core/Src/stm32f1xx_it.o
 .debug_macro   0x00015ec8      0x18e ./Core/Src/system_stm32f1xx.o
 .debug_macro   0x00016056      0x1b2 ./Drivers/STM32F1xx_HAL_Driver/Src/stm32f1xx_hal.o
 .debug_macro   0x00016208      0x18e ./Drivers/STM32F1xx_HAL_Driver/Src/stm32f1xx_hal_cortex.o
 .debug_macro   0x00016396      0x1f9 ./Drivers/STM32F1xx_HAL_Driver/Src/stm32f1xx_hal_gpio.o
 .debug_macro   0x0001658f      0x1dc ./Drivers/STM32F1xx_HAL_Driver/Src/stm32f1xx_hal_i2c.o
 .debug_macro   0x0001676b      0x1a0 ./Drivers/STM32F1xx_HAL_Driver/Src/stm32f1xx_hal_rcc.o

.debug_line     0x00000000     0x7907
 .debug_line    0x00000000      0x13b ./Core/Src/arial.o
 .debug_line    0x0000013b      0x502 ./Core/Src/main.o
 .debug_line    0x0000063d      0x701 ./Core/Src/oled.o
 .debug_line    0x00000d3e      0x446 ./Core/Src/stm32f1xx_hal_msp.o
 .debug_line    0x00001184      0x4aa ./Core/Src/stm32f1xx_it.o
 .debug_line    0x0000162e      0x47a ./Core/Src/system_stm32f1xx.o
 .debug_line    0x00001aa8       0x78 ./Core/Startup/startup_stm32f103c8tx.o
 .debug_line    0x00001b20      0x6ab ./Drivers/STM32F1xx_HAL_Driver/Src/stm32f1xx_hal.o
 .debug_line    0x000021cb      0x875 ./Drivers/STM32F1xx_HAL_Driver/Src/stm32f1xx_hal_cortex.o
 .debug_line    0x00002a40      0x708 ./Drivers/STM32F1xx_HAL_Driver/Src/stm32f1xx_hal_gpio.o
 .debug_line    0x00003148     0x3878 ./Drivers/STM32F1xx_HAL_Driver/Src/stm32f1xx_hal_i2c.o
 .debug_line    0x000069c0      0xb64 ./Drivers/STM32F1xx_HAL_Driver/Src/stm32f1xx_hal_rcc.o
 .debug_line    0x00007524      0x123 /usr/lib/gcc/arm-none-eabi/13.2.0/../../../../arm-none-eabi/lib/thumb/v7-m/nofp/libc_nano.a(libc_a-memset.o)
 .debug_line    0x00007647      0x12a /usr/lib/gcc/arm-none-eabi/13.2.0/../../../../arm-none-eabi/lib/thumb/v7-m/nofp/libc_nano.a(libc_a-init.o)
 .debug_line    0x00007771      0x196 /usr/lib/gcc/arm-none-eabi/13.2.0/../../../../arm-none-eabi/lib/thumb/v7-m/nofp/libc_nano.a(libc_a-memcpy-stub.o)

.debug_str      0x00000000    0x82267
 .debug_str     0x00000000    0x82267 ./Core/Src/arial.o
                               0x4a69 (size before relaxing)
 .debug_str     0x00082267    0x7cd4f ./Core/Src/main.o
 .debug_str     0x00082267    0x7fd3d ./Core/Src/oled.o
 .debug_str     0x00082267    0x7cb40 ./Core/Src/stm32f1xx_hal_msp.o
 .debug_str     0x00082267    0x7c651 ./Core/Src/stm32f1xx_it.o
 .debug_str     0x00082267    0x7c63f ./Core/Src/system_stm32f1xx.o
 .debug_str     0x00082267       0x88 ./Core/Startup/startup_stm32f103c8tx.o
 .debug_str     0x00082267    0x7cd72 ./Drivers/STM32F1xx_HAL_Driver/Src/stm32f1xx_hal.o
 .debug_str     0x00082267    0x7ccbe ./Drivers/STM32F1xx_HAL_Driver/Src/stm32f1xx_hal_cortex.o
 .debug_str     0x00082267    0x7c9c5 ./Drivers/STM32F1xx_HAL_Driver/Src/stm32f1xx_hal_gpio.o
 .debug_str     0x00082267    0x7d706 ./Drivers/STM32F1xx_HAL_Driver/Src/stm32f1xx_hal_i2c.o
 .debug_str     0x00082267    0x7ca6e ./Drivers/STM32F1xx_HAL_Driver/Src/stm32f1xx_hal_rcc.o
 .debug_str     0x00082267      0x1b7 /usr/lib/gcc/arm-none-eabi/13.2.0/../../../../arm-none-eabi/lib/thumb/v7-m/nofp/libc_nano.a(libc_a-memset.o)
 .debug_str     0x00082267      0x218 /usr/lib/gcc/arm-none-eabi/13.2.0/../../../../arm-none-eabi/lib/thumb/v7-m/nofp/libc_nano.a(libc_a-init.o)
 .debug_str     0x00082267      0x1d5 /usr/lib/gcc/arm-none-eabi/13.2.0/../../../../arm-none-eabi/lib/thumb/v7-m/nofp/libc_nano.a(libc_a-memcpy-stub.o)

.comment        0x00000000       0x3c
 .comment       0x00000000       0x3c ./Core/Src/arial.o
                                 0x1f (size before relaxing)
 .comment       0x0000003c       0x1f ./Core/Src/main.o
 .comment       0x0000003c       0x1f ./Core/Src/oled.o
 .comment       0x0000003c       0x1f ./Core/Src/stm32f1xx_hal_msp.o
 .comment       0x0000003c       0x1f ./Core/Src/stm32f1xx_it.o
 .comment       0x0000003c       0x1f ./Core/Src/system_stm32f1xx.o
 .comment       0x0000003c       0x1f ./Drivers/STM32F1xx_HAL_Driver/Src/stm32f1xx_hal.o
 .comment       0x0000003c       0x1f ./Drivers/STM32F1xx_HAL_Driver/Src/stm32f1xx_hal_cortex.o
 .comment       0x0000003c       0x1f ./Drivers/STM32F1xx_HAL_Driver/Src/stm32f1xx_hal_gpio.o
 .comment       0x0000003c       0x1f ./Drivers/STM32F1xx_HAL_Driver/Src/stm32f1xx_hal_i2c.o
 .comment       0x0000003c       0x1f ./Drivers/STM32F1xx_HAL_Driver/Src/stm32f1xx_hal_rcc.o
 .comment       0x0000003c       0x1f /usr/lib/gcc/arm-none-eabi/13.2.0/../../../../arm-none-eabi/lib/thumb/v7-m/nofp/libc_nano.a(libc_a-memset.o)
 .comment       0x0000003c       0x1f /usr/lib/gcc/arm-none-eabi/13.2.0/../../../../arm-none-eabi/lib/thumb/v7-m/nofp/libc_nano.a(libc_a-init.o)
 .comment       0x0000003c       0x1f /usr/lib/gcc/arm-none-eabi/13.2.0/../../../../arm-none-eabi/lib/thumb/v7-m/nofp/libc_nano.a(libc_a-memcpy-stub.o)

.debug_rnglists
                0x00000000      0x58c
 .debug_rnglists
                0x00000000       0x2e ./Core/Src/main.o
 .debug_rnglists
                0x0000002e       0x4b ./Core/Src/oled.o
 .debug_rnglists
                0x00000079       0x1f ./Core/Src/stm32f1xx_hal_msp.o
 .debug_rnglists
                0x00000098       0x43 ./Core/Src/stm32f1xx_it.o
 .debug_rnglists
                0x000000db       0x1a ./Core/Src/system_stm32f1xx.o
 .debug_rnglists
                0x000000f5       0x19 ./Core/Startup/startup_stm32f103c8tx.o
 .debug_rnglists
                0x0000010e       0xa3 ./Drivers/STM32F1xx_HAL_Driver/Src/stm32f1xx_hal.o
 .debug_rnglists
                0x000001b1       0xbb ./Drivers/STM32F1xx_HAL_Driver/Src/stm32f1xx_hal_cortex.o
 .debug_rnglists
                0x0000026c       0x3f ./Drivers/STM32F1xx_HAL_Driver/Src/stm32f1xx_hal_gpio.o
 .debug_rnglists
                0x000002ab      0x23c ./Drivers/STM32F1xx_HAL_Driver/Src/stm32f1xx_hal_i2c.o
 .debug_rnglists
                0x000004e7       0x6c ./Drivers/STM32F1xx_HAL_Driver/Src/stm32f1xx_hal_rcc.o
 .debug_rnglists
                0x00000553       0x13 /usr/lib/gcc/arm-none-eabi/13.2.0/../../../../arm-none-eabi/lib/thumb/v7-m/nofp/libc_nano.a(libc_a-memset.o)
 .debug_rnglists
                0x00000566       0x13 /usr/lib/gcc/arm-none-eabi/13.2.0/../../../../arm-none-eabi/lib/thumb/v7-m/nofp/libc_nano.a(libc_a-init.o)
 .debug_rnglists
                0x00000579       0x13 /usr/lib/gcc/arm-none-eabi/13.2.0/../../../../arm-none-eabi/lib/thumb/v7-m/nofp/libc_nano.a(libc_a-memcpy-stub.o)

.debug_frame    0x00000000     0x1bb8
 .debug_frame   0x00000000       0xac ./Core/Src/main.o
 .debug_frame   0x000000ac      0x178 ./Core/Src/oled.o
 .debug_frame   0x00000224       0x80 ./Core/Src/stm32f1xx_hal_msp.o
 .debug_frame   0x000002a4      0x104 ./Core/Src/stm32f1xx_it.o
 .debug_frame   0x000003a8       0x58 ./Core/Src/system_stm32f1xx.o
 .debug_frame   0x00000400      0x334 ./Drivers/STM32F1xx_HAL_Driver/Src/stm32f1xx_hal.o
 .debug_frame   0x00000734      0x428 ./Drivers/STM32F1xx_HAL_Driver/Src/stm32f1xx_hal_cortex.o
 .debug_frame   0x00000b5c      0x14c ./Drivers/STM32F1xx_HAL_Driver/Src/stm32f1xx_hal_gpio.o
 .debug_frame   0x00000ca8      0xc84 ./Drivers/STM32F1xx_HAL_Driver/Src/stm32f1xx_hal_i2c.o
 .debug_frame   0x0000192c      0x218 ./Drivers/STM32F1xx_HAL_Driver/Src/stm32f1xx_hal_rcc.o
 .debug_frame   0x00001b44       0x20 /usr/lib/gcc/arm-none-eabi/13.2.0/../../../../arm-none-eabi/lib/thumb/v7-m/nofp/libc_nano.a(libc_a-memset.o)
 .debug_frame   0x00001b64       0x2c /usr/lib/gcc/arm-none-eabi/13.2.0/../../../../arm-none-eabi/lib/thumb/v7-m/nofp/libc_nano.a(libc_a-init.o)
 .debug_frame   0x00001b90       0x28 /usr/lib/gcc/arm-none-eabi/13.2.0/../../../../arm-none-eabi/lib/thumb/v7-m/nofp/libc_nano.a(libc_a-memcpy-stub.o)

.debug_line_str
                0x00000000       0x6e
 .debug_line_str
                0x00000000       0x6e ./Core/Startup/startup_stm32f103c8tx.o

.debug_loclists
                0x00000000       0xfe
 .debug_loclists
                0x00000000       0x3b /usr/lib/gcc/arm-none-eabi/13.2.0/../../../../arm-none-eabi/lib/thumb/v7-m/nofp/libc_nano.a(libc_a-memset.o)
 .debug_loclists
                0x0000003b       0x34 /usr/lib/gcc/arm-none-eabi/13.2.0/../../../../arm-none-eabi/lib/thumb/v7-m/nofp/libc_nano.a(libc_a-init.o)
 .debug_loclists
                0x0000006f       0x8f /usr/lib/gcc/arm-none-eabi/13.2.0/../../../../arm-none-eabi/lib/thumb/v7-m/nofp/libc_nano.a(libc_a-memcpy-stub.o)
